// Jest Snapshot v1, https://goo.gl/fbAQLP

exports[`gql.macro when the macro is a tag call should transform the macro reference correctly 1`] = `
""use strict";

Object.defineProperty(exports, "__esModule", {
  value: true
});
exports.default = void 0;
const GET_CONFIG = "\\nquery GetConfig {\\n  config {\\n    ...ConfigImages\\n  }\\n}\\n\\n\\nfragment ConfigImages on Config {\\n  images {\\n    backdropSizes\\n    logoSizes\\n    posterSizes\\n    profileSizes\\n    stillSizes\\n    ...ImageUrls\\n  }\\n}\\n\\nfragment ImageUrls on Image {\\n  baseUrl\\n  secureBaseUrl\\n}\\n";
var _default = exports.default = GET_CONFIG;"
`;
